2026-10-09 11:24:38,831 | INFO | package: mysql.connector.plugins
2026-10-09 11:24:38,831 | INFO | plugin_name: caching_sha2_password
2026-10-09 11:24:38,832 | INFO | AUTHENTICATION_PLUGIN_CLASS: MySQLCachingSHA2PasswordAuthPlugin
2026-10-09 11:24:40,264 | INFO | Cluster: osticketCluster | UTC: 2026-10-09T03:24:38+00:00 | Cluster view: FAILED - DBNODE3@dbnode3.iestinc.internal:3306: 1045 (28000): Access denied for user 'cluster_monitor'@'10.22.27.144' (using password: YES) | Router: UP | Latency: |   DBNODE1: OK avg=0.73 ms max=0.77 ms jitter=0.07 ms loss=0.0% |   DBNODE2: OK avg=39.09 ms max=39.3 ms jitter=0.44 ms loss=0.0% |   DBNODE3: OK avg=40.13 ms max=40.25 ms jitter=0.25 ms loss=0.0% | Actionable conditions: |   [CRITICAL] Unable to obtain InnoDB Cluster membership view.
2026-10-09 11:25:21,325 | INFO | package: mysql.connector.plugins
2026-10-09 11:25:21,325 | INFO | plugin_name: caching_sha2_password
2026-10-09 11:25:21,325 | INFO | AUTHENTICATION_PLUGIN_CLASS: MySQLCachingSHA2PasswordAuthPlugin
2026-10-09 11:25:22,768 | INFO | Cluster: osticketCluster | UTC: 2026-10-09T03:25:21+00:00 | Cluster view: FAILED - DBNODE3@dbnode3.iestinc.internal:3306: 1045 (28000): Access denied for user 'cluster_monitor'@'10.22.27.144' (using password: YES) | Router: UP | Latency: |   DBNODE1: OK avg=1.13 ms max=1.34 ms jitter=0.42 ms loss=0.0% |   DBNODE2: OK avg=38.4 ms max=38.46 ms jitter=0.1 ms loss=0.0% |   DBNODE3: OK avg=40.01 ms max=40.04 ms jitter=0.07 ms loss=0.0% | Actionable conditions: |   [CRITICAL] Unable to obtain InnoDB Cluster membership view.
2026-10-09 11:25:33,549 | INFO | package: mysql.connector.plugins
2026-10-09 11:25:33,549 | INFO | plugin_name: caching_sha2_password
2026-10-09 11:25:33,549 | INFO | AUTHENTICATION_PLUGIN_CLASS: MySQLCachingSHA2PasswordAuthPlugin
2026-10-09 11:25:34,987 | INFO | Cluster: osticketCluster | UTC: 2026-10-09T03:25:33+00:00 | Cluster view: FAILED - DBNODE3@dbnode3.iestinc.internal:3306: 1045 (28000): Access denied for user 'cluster_monitor'@'10.22.27.144' (using password: YES) | Router: UP | Latency: |   DBNODE1: OK avg=0.69 ms max=0.79 ms jitter=0.21 ms loss=0.0% |   DBNODE2: OK avg=38.75 ms max=38.77 ms jitter=0.04 ms loss=0.0% |   DBNODE3: OK avg=39.99 ms max=40.02 ms jitter=0.06 ms loss=0.0% | Actionable conditions: |   [CRITICAL] Unable to obtain InnoDB Cluster membership view.
2026-10-09 11:29:37,698 | INFO | package: mysql.connector.plugins
2026-10-09 11:29:37,698 | INFO | plugin_name: caching_sha2_password
2026-10-09 11:29:37,698 | INFO | AUTHENTICATION_PLUGIN_CLASS: MySQLCachingSHA2PasswordAuthPlugin
2026-10-09 11:29:38,582 | INFO | Cluster: osticketCluster | UTC: 2026-10-09T03:29:37+00:00 | PRIMARY: dbnode3.iestinc.internal | Members: |   dbnode1.iestinc.internal: ONLINE / SECONDARY |   dbnode2.iestinc.internal: ONLINE / SECONDARY |   dbnode3.iestinc.internal: ONLINE / PRIMARY | Router: UP | Latency: |   DBNODE1: OK avg=1.19 ms max=1.58 ms jitter=0.79 ms loss=0.0% |   DBNODE2: OK avg=39.43 ms max=39.52 ms jitter=0.17 ms loss=0.0% |   DBNODE3: OK avg=40.11 ms max=40.14 ms jitter=0.05 ms loss=0.0% | Actionable conditions: none
2026-10-09 11:29:51,892 | INFO | package: mysql.connector.plugins
2026-10-09 11:29:51,892 | INFO | plugin_name: caching_sha2_password
2026-10-09 11:29:51,893 | INFO | AUTHENTICATION_PLUGIN_CLASS: MySQLCachingSHA2PasswordAuthPlugin
2026-10-09 11:29:52,762 | INFO | Cluster: osticketCluster | UTC: 2026-10-09T03:29:51+00:00 | PRIMARY: dbnode3.iestinc.internal | Members: |   dbnode1.iestinc.internal: ONLINE / SECONDARY |   dbnode2.iestinc.internal: ONLINE / SECONDARY |   dbnode3.iestinc.internal: ONLINE / PRIMARY | Router: UP | Latency: |   DBNODE1: OK avg=0.73 ms max=0.92 ms jitter=0.38 ms loss=0.0% |   DBNODE2: OK avg=38.87 ms max=38.87 ms jitter=0.01 ms loss=0.0% |   DBNODE3: OK avg=41.53 ms max=42.8 ms jitter=2.54 ms loss=0.0% | Actionable conditions: none
2026-10-09 11:32:10,569 | INFO | package: mysql.connector.plugins
2026-10-09 11:32:10,569 | INFO | plugin_name: caching_sha2_password
2026-10-09 11:32:10,570 | INFO | AUTHENTICATION_PLUGIN_CLASS: MySQLCachingSHA2PasswordAuthPlugin
2026-10-09 11:32:11,439 | INFO | Cluster: osticketCluster | UTC: 2026-10-09T03:32:10+00:00 | PRIMARY: dbnode3.iestinc.internal | Members: |   dbnode1.iestinc.internal: ONLINE / SECONDARY |   dbnode2.iestinc.internal: ONLINE / SECONDARY |   dbnode3.iestinc.internal: ONLINE / PRIMARY | Router: UP | Latency: |   DBNODE1: OK avg=0.82 ms max=0.98 ms jitter=0.32 ms loss=0.0% |   DBNODE2: OK avg=38.81 ms max=38.85 ms jitter=0.08 ms loss=0.0% |   DBNODE3: OK avg=40.15 ms max=40.38 ms jitter=0.45 ms loss=0.0% | Actionable conditions: none
2026-10-09 11:32:31,419 | INFO | Cluster: osticketCluster | UTC: 2026-10-09T03:32:30+00:00 | PRIMARY: dbnode3.iestinc.internal | Members: |   dbnode1.iestinc.internal: ONLINE / SECONDARY |   dbnode2.iestinc.internal: ONLINE / SECONDARY |   dbnode3.iestinc.internal: ONLINE / PRIMARY | Router: UP | Latency: |   DBNODE1: OK avg=0.64 ms max=0.74 ms jitter=0.19 ms loss=0.0% |   DBNODE2: OK avg=38.72 ms max=38.76 ms jitter=0.09 ms loss=0.0% |   DBNODE3: OK avg=40.2 ms max=40.34 ms jitter=0.27 ms loss=0.0% | Actionable conditions: none
